../Core/Src/stm32f4xx_hal_msp.c:64:6:HAL_MspInit	16	static
../Core/Src/stm32f4xx_hal_msp.c:87:6:HAL_ADC_MspInit	48	static
../Core/Src/stm32f4xx_hal_msp.c:121:6:HAL_ADC_MspDeInit	16	static
../Core/Src/stm32f4xx_hal_msp.c:149:6:HAL_DSI_MspInit	48	static
../Core/Src/stm32f4xx_hal_msp.c:185:6:HAL_DSI_MspDeInit	16	static
../Core/Src/stm32f4xx_hal_msp.c:213:6:HAL_ETH_MspInit	72	static
../Core/Src/stm32f4xx_hal_msp.c:295:6:HAL_ETH_MspDeInit	16	static
../Core/Src/stm32f4xx_hal_msp.c:345:6:HAL_QSPI_MspInit	48	static
../Core/Src/stm32f4xx_hal_msp.c:401:6:HAL_QSPI_MspDeInit	16	static
../Core/Src/stm32f4xx_hal_msp.c:437:6:HAL_MMC_MspInit	112	static
../Core/Src/stm32f4xx_hal_msp.c:499:6:HAL_MMC_MspDeInit	16	static
../Core/Src/stm32f4xx_hal_msp.c:535:6:HAL_UART_MspInit	48	static
../Core/Src/stm32f4xx_hal_msp.c:572:6:HAL_UART_MspDeInit	16	static
../Core/Src/stm32f4xx_hal_msp.c:601:6:HAL_PCD_MspInit	136	static
../Core/Src/stm32f4xx_hal_msp.c:733:6:HAL_PCD_MspDeInit	16	static
../Core/Src/stm32f4xx_hal_msp.c:799:13:HAL_FMC_MspInit	32	static
../Core/Src/stm32f4xx_hal_msp.c:947:6:HAL_NOR_MspInit	16	static
../Core/Src/stm32f4xx_hal_msp.c:957:6:HAL_SRAM_MspInit	16	static
../Core/Src/stm32f4xx_hal_msp.c:967:6:HAL_SDRAM_MspInit	16	static
../Core/Src/stm32f4xx_hal_msp.c:979:13:HAL_FMC_MspDeInit	8	static
../Core/Src/stm32f4xx_hal_msp.c:1095:6:HAL_NOR_MspDeInit	16	static
../Core/Src/stm32f4xx_hal_msp.c:1105:6:HAL_SRAM_MspDeInit	16	static
../Core/Src/stm32f4xx_hal_msp.c:1115:6:HAL_SDRAM_MspDeInit	16	static
